[nordic.design/index.html]
[backblue.gif]
[fade.gif]
[index.html]
[images.confetticdn.com/images/scale/w_72,h_72,c_fill,f_png/event-6912/image-bd3b168b-b476-49d3-a91e-e330a98ef6f6/favicon.png.png]
[images.confetticdn.com/images/scale/w_76,h_76,c_fill,f_png/event-6912/image-bd3b168b-b476-49d3-a91e-e330a98ef6f6/favicon.png.png]
[images.confetticdn.com/images/scale/w_114,h_114,c_fill,f_png/event-6912/image-bd3b168b-b476-49d3-a91e-e330a98ef6f6/favicon.png.png]
[images.confetticdn.com/images/scale/w_144,h_144,c_fill,f_png/event-6912/image-bd3b168b-b476-49d3-a91e-e330a98ef6f6/favicon.png.png]
[images.confetticdn.com/images/scale/w_180,h_180,c_fill,f_png/event-6912/image-bd3b168b-b476-49d3-a91e-e330a98ef6f6/favicon.png.png]
[images.confetticdn.com/images/scale/w_36,h_36,c_fill,f_png/event-6912/image-bd3b168b-b476-49d3-a91e-e330a98ef6f6/favicon.png.png]
[images.confetticdn.com/images/scale/w_48,h_48,c_fill,f_png/event-6912/image-bd3b168b-b476-49d3-a91e-e330a98ef6f6/favicon.png.png]
[images.confetticdn.com/images/scale/w_16,h_16,c_fill,f_png/event-6912/image-bd3b168b-b476-49d3-a91e-e330a98ef6f6/favicon.png.png]
[images.confetticdn.com/images/scale/w_32,h_32,c_fill,f_png/event-6912/image-bd3b168b-b476-49d3-a91e-e330a98ef6f6/favicon.png.png]
[nordic.design/themes/default/style.css]
[maxcdn.bootstrapcdn.com/font-awesome/4.5.0/css/font-awesome.min.css]
[d2wd18kp3k18ix.cloudfront.net/nordicjs2017/quote.png]
[d2wd18kp3k18ix.cloudfront.net/nordicjs2017/video-bg6654.jpg]
[d2wd18kp3k18ix.cloudfront.net/nordicdesign2017/speak-bg6654.jpg]
[d2wd18kp3k18ix.cloudfront.net/nordicjs2017/speakers-gallery6654.jpg]
[d2wd18kp3k18ix.cloudfront.net/nordicjs2017/food-bg.jpg]
[d2wd18kp3k18ix.cloudfront.net/nordicjs2017/festen.jpg]
[connect.facebook.net/en_US/fbevents.js]
[use.typekit.net/pxz8mgc.js]
[nordic.design/speakers.html]
[nordic.design/schedule.html]
[nordic.design/info.html]
[nordic.design/signup/index.html]
[nordic.design/www.trello.1d.delayed]
[d2wd18kp3k18ix.cloudfront.net/nordicjs2017/organisers.png]
[df17938sh9pb.cloudfront.net/build/1f8a87760e108bfeaf6a.main.js]
[confetti-eventalytics.herokuapp.com/tef3f.gif]
[www.google-analytics.com/analytics.js]
[www.google.com/recaptcha/apifef7.js]
[nordic.design/index.html]
[images.confetticdn.com/images/scale/w_57,h_57,c_fill,f_png/event-6912/image-bd3b168b-b476-49d3-a91e-e330a98ef6f6/favicon.png.png]
[images.confetticdn.com/images/scale/w_60,h_60,c_fill,f_png/event-6912/image-bd3b168b-b476-49d3-a91e-e330a98ef6f6/favicon.png.png]
[images.confetticdn.com/images/scale/w_152,h_152,c_fill,f_png/event-6912/image-bd3b168b-b476-49d3-a91e-e330a98ef6f6/favicon.png.png]
[images.confetticdn.com/images/scale/w_96,h_96,c_fill,f_png/event-6912/image-bd3b168b-b476-49d3-a91e-e330a98ef6f6/favicon.png.png]
[images.confetticdn.com/images/scale/w_192,h_192,c_fill,f_png/event-6912/image-bd3b168b-b476-49d3-a91e-e330a98ef6f6/favicon.png.png]
[d2wd18kp3k18ix.cloudfront.net/default/created-with-conteffi-2ee70.png]
[d2wd18kp3k18ix.cloudfront.net/sthlmtech/footer-confetti.png]
[d2wd18kp3k18ix.cloudfront.net/sthlmtech/stripe2.png]
[confetti.events/images/headers/pleasure.jpg]
[nordic.design/themes/default/style.css]
[maxcdn.bootstrapcdn.com/font-awesome/4.5.0/css/font-awesome.min.css]
[connect.facebook.net/en_US/fbevents.js]
[nordic.design/speakers.html]
[nordic.design/schedule.html]
[nordic.design/info.html]
[nordic.design/signup/style.css]
[nordic.design/signup/index.html]
[nordic.design/www.trello.html]
[images.confetticdn.com/images/scale/w_120,h_120,c_fill,f_png/event-6912/image-bd3b168b-b476-49d3-a91e-e330a98ef6f6/favicon.png.png]
[nordic.design/signup/style.css]
[df17938sh9pb.cloudfront.net/build/1f8a87760e108bfeaf6a.tickets.js]
[images.confetticdn.com/images/scale/w_60,h_60,c_fill,f_png/event-6912/image-bd3b168b-b476-49d3-a91e-e330a98ef6f6/favicon.png.png]
[images.confetticdn.com/images/scale/w_114,h_114,c_fill,f_png/event-6912/image-bd3b168b-b476-49d3-a91e-e330a98ef6f6/favicon.png.png]
[images.confetticdn.com/images/scale/w_144,h_144,c_fill,f_png/event-6912/image-bd3b168b-b476-49d3-a91e-e330a98ef6f6/favicon.png.png]
